batch: 58232 charts, 0 already done, 58232 to scan (6 workers, 180s/engine)
  25/58232  (786/h, ETA 74.1h)  /mnt/d/helm_clones_github/bitnami__charts/bitnami/etcd
  50/58232  (866/h, ETA 67.2h)  /mnt/d/helm_clones_github/bitnami__charts/bitnami/kafka
  75/58232  (852/h, ETA 68.2h)  /mnt/d/helm_clones_github/bitnami__charts/bitnami/milvus
  100/58232  (929/h, ETA 62.6h)  /mnt/d/helm_clones_github/bitnami__charts/bitnami/sealed-secrets
  125/58232  (976/h, ETA 59.5h)  /mnt/d/helm_clones_github/feast-dev__feast/infra/charts/feast
  150/58232  (1039/h, ETA 55.9h)  /mnt/d/helm_clones_github/prometheus-community__helm-charts/charts/prometheus-pgbouncer-exporter
  175/58232  (1094/h, ETA 53.0h)  /mnt/d/helm_clones_github/diggerhq__digger/self-hosting/kubernetes/helm-charts/opentaco
  200/58232  (1170/h, ETA 49.6h)  /mnt/d/helm_clones_github/cozystack__cozystack/packages/apps/vm-instance
  225/58232  (1214/h, ETA 47.8h)  /mnt/d/helm_clones_github/cozystack__cozystack/packages/system/capi-providers-cpprovider
  250/58232  (1118/h, ETA 51.9h)  /mnt/d/helm_clones_github/cozystack__cozystack/packages/system/foundationdb-rd
  275/58232  (1034/h, ETA 56.1h)  /mnt/d/helm_clones_github/cozystack__cozystack/packages/system/kubernetes-rd
  300/58232  (1010/h, ETA 57.4h)  /mnt/d/helm_clones_github/cozystack__cozystack/packages/system/nfs-driver
  325/58232  (965/h, ETA 60.0h)  /mnt/d/helm_clones_github/cozystack__cozystack/packages/system/velero
  350/58232  (964/h, ETA 60.0h)  /mnt/d/helm_clones_github/cozystack__cozystack/packages/system/kubevirt-instancetypes
  375/58232  (989/h, ETA 58.5h)  /mnt/d/helm_clones_github/trueforge-org__truecharts/charts/stable/airsonic
  400/58232  (1005/h, ETA 57.5h)  /mnt/d/helm_clones_github/trueforge-org__truecharts/charts/stable/ariang
  425/58232  (1041/h, ETA 55.5h)  /mnt/d/helm_clones_github/trueforge-org__truecharts/charts/stable/batnoter
  450/58232  (1073/h, ETA 53.9h)  /mnt/d/helm_clones_github/trueforge-org__truecharts/charts/stable/bytestash
  475/58232  (1102/h, ETA 52.4h)  /mnt/d/helm_clones_github/trueforge-org__truecharts/charts/stable/code-server
  500/58232  (1131/h, ETA 51.0h)  /mnt/d/helm_clones_github/trueforge-org__truecharts/charts/stable/cstrikeconditionzero
  525/58232  (1160/h, ETA 49.8h)  /mnt/d/helm_clones_github/trueforge-org__truecharts/charts/stable/digikam
  550/58232  (1187/h, ETA 48.6h)  /mnt/d/helm_clones_github/trueforge-org__truecharts/charts/stable/duplicati
  575/58232  (1214/h, ETA 47.5h)  /mnt/d/helm_clones_github/trueforge-org__truecharts/charts/stable/filebot
  600/58232  (1237/h, ETA 46.6h)  /mnt/d/helm_clones_github/trueforge-org__truecharts/charts/stable/fmd2-wine
  625/58232  (1260/h, ETA 45.7h)  /mnt/d/helm_clones_github/trueforge-org__truecharts/charts/stable/godaddy-ddns
  650/58232  (1282/h, ETA 44.9h)  /mnt/d/helm_clones_github/trueforge-org__truecharts/charts/stable/hedgedoc
  675/58232  (1303/h, ETA 44.2h)  /mnt/d/helm_clones_github/trueforge-org__truecharts/charts/stable/invitarr
  700/58232  (1325/h, ETA 43.4h)  /mnt/d/helm_clones_github/trueforge-org__truecharts/charts/stable/keeweb
  725/58232  (1346/h, ETA 42.7h)  /mnt/d/helm_clones_github/trueforge-org__truecharts/charts/stable/librespeed
  750/58232  (1365/h, ETA 42.1h)  /mnt/d/helm_clones_github/trueforge-org__truecharts/charts/stable/mediaelch
  775/58232  (1383/h, ETA 41.6h)  /mnt/d/helm_clones_github/trueforge-org__truecharts/charts/stable/misskey
  800/58232  (1401/h, ETA 41.0h)  /mnt/d/helm_clones_github/trueforge-org__truecharts/charts/stable/nebula-sync
  825/58232  (1418/h, ETA 40.5h)  /mnt/d/helm_clones_github/trueforge-org__truecharts/charts/stable/nvidia-gpu-exporter
  850/58232  (1434/h, ETA 40.0h)  /mnt/d/helm_clones_github/trueforge-org__truecharts/charts/stable/oscam
  875/58232  (1449/h, ETA 39.6h)  /mnt/d/helm_clones_github/trueforge-org__truecharts/charts/stable/picoshare
  900/58232  (1466/h, ETA 39.1h)  /mnt/d/helm_clones_github/trueforge-org__truecharts/charts/stable/pretend-youre-xyzzy
  925/58232  (1480/h, ETA 38.7h)  /mnt/d/helm_clones_github/trueforge-org__truecharts/charts/stable/quake3
  950/58232  (1494/h, ETA 38.3h)  /mnt/d/helm_clones_github/trueforge-org__truecharts/charts/stable/renovate
  975/58232  (1507/h, ETA 38.0h)  /mnt/d/helm_clones_github/trueforge-org__truecharts/charts/stable/scrutiny
  1000/58232  (1518/h, ETA 37.7h)  /mnt/d/helm_clones_github/trueforge-org__truecharts/charts/stable/sickgear
  1025/58232  (1534/h, ETA 37.3h)  /mnt/d/helm_clones_github/trueforge-org__truecharts/charts/stable/spoolman
  1050/58232  (1548/h, ETA 36.9h)  /mnt/d/helm_clones_github/trueforge-org__truecharts/charts/stable/syslog-ng
  1075/58232  (1560/h, ETA 36.6h)  /mnt/d/helm_clones_github/trueforge-org__truecharts/charts/stable/tinymediamanager
  1100/58232  (1573/h, ETA 36.3h)  /mnt/d/helm_clones_github/trueforge-org__truecharts/charts/stable/ubooquity
  1125/58232  (1585/h, ETA 36.0h)  /mnt/d/helm_clones_github/trueforge-org__truecharts/charts/stable/watcharr
  1150/58232  (1597/h, ETA 35.7h)  /mnt/d/helm_clones_github/trueforge-org__truecharts/charts/stable/xmrig
  1175/58232  (1596/h, ETA 35.7h)  /mnt/d/helm_clones_github/kubernetes-csi__csi-driver-nfs/charts/v4.11.0/csi-driver-nfs
  1200/58232  (1592/h, ETA 35.8h)  /mnt/d/helm_clones_github/mobilecoinfoundation__mobilecoin/.internal-ci/helm/mobilecoind
  1225/58232  (1575/h, ETA 36.2h)  /mnt/d/helm_clones_github/secureCodeBox__secureCodeBox/hooks/persistence-defectdojo
  1250/58232  (1532/h, ETA 37.2h)  /mnt/d/helm_clones_github/kubeflow__arena/charts/evaluatejob
  1275/58232  (1522/h, ETA 37.4h)  /mnt/d/helm_clones_github/fluxninja__aperture/playground/tanka/charts/demo-ui
  1300/58232  (1513/h, ETA 37.6h)  /mnt/d/helm_clones_github/kubernetes-csi__csi-driver-smb/charts/v1.19.0/csi-driver-smb
  1325/58232  (1508/h, ETA 37.7h)  /mnt/d/helm_clones_github/banzaicloud__istio-operator/internal/assets/manifests/istio-discovery
  1350/58232  (1494/h, ETA 38.1h)  /mnt/d/helm_clones_github/rancher__charts/charts/elemental/104.2.1+up1.6.5
  1375/58232  (1493/h, ETA 38.1h)  /mnt/d/helm_clones_github/rancher__charts/charts/elemental-crd/103.3.1+up1.5.4
  1400/58232  (1493/h, ETA 38.1h)  /mnt/d/helm_clones_github/rancher__charts/charts/elemental-crd/109.0.1+up1.9.1
  1425/58232  (1481/h, ETA 38.3h)  /mnt/d/helm_clones_github/rancher__charts/charts/fleet/102.2.7+up0.8.6
  1450/58232  (1473/h, ETA 38.5h)  /mnt/d/helm_clones_github/rancher__charts/charts/fleet/104.1.6+up0.10.10
  1475/58232  (1466/h, ETA 38.7h)  /mnt/d/helm_clones_github/rancher__charts/charts/fleet/106.1.0+up0.12.2
  1500/58232  (1453/h, ETA 39.1h)  /mnt/d/helm_clones_github/rancher__charts/charts/fleet/108.0.0+up0.14.0
  1525/58232  (1440/h, ETA 39.4h)  /mnt/d/helm_clones_github/rancher__charts/charts/fleet/109.0.1+up0.15.1-beta.2
  1550/58232  (1445/h, ETA 39.2h)  /mnt/d/helm_clones_github/rancher__charts/charts/fleet-agent/103.1.12+up0.9.13
  1575/58232  (1455/h, ETA 38.9h)  /mnt/d/helm_clones_github/rancher__charts/charts/fleet-agent/104.2.2+up0.10.14
  1600/58232  (1465/h, ETA 38.7h)  /mnt/d/helm_clones_github/rancher__charts/charts/fleet-agent/106.1.13+up0.12.15
  1625/58232  (1474/h, ETA 38.4h)  /mnt/d/helm_clones_github/rancher__charts/charts/fleet-agent/108.0.4+up0.14.4
  1650/58232  (1483/h, ETA 38.1h)  /mnt/d/helm_clones_github/rancher__charts/charts/fleet-agent/109.0.1+up0.15.1-rc.2
  1675/58232  (1436/h, ETA 39.4h)  /mnt/d/helm_clones_github/rancher__charts/charts/fleet-crd/103.1.2+up0.9.2
  1700/58232  (1408/h, ETA 40.1h)  /mnt/d/helm_clones_github/rancher__charts/charts/fleet-crd/105.0.1+up0.11.1
  1725/58232  (1382/h, ETA 40.9h)  /mnt/d/helm_clones_github/rancher__charts/charts/fleet-crd/106.1.5+up0.12.7
  1750/58232  (1347/h, ETA 41.9h)  /mnt/d/helm_clones_github/rancher__charts/charts/fleet-crd/109.0.0+up0.15.0-alpha.1
  1775/58232  (1319/h, ETA 42.8h)  /mnt/d/helm_clones_github/rancher__charts/charts/fleet-crd/109.0.2+up0.15.2-rc.1
  1800/58232  (1319/h, ETA 42.8h)  /mnt/d/helm_clones_github/rancher__charts/charts/harvester-cloud-provider/104.0.3+up0.2.7/dependency_charts/kube-vip
  1825/58232  (1319/h, ETA 42.8h)  /mnt/d/helm_clones_github/rancher__charts/charts/harvester-csi-driver/102.0.0+up0.1.16
  1850/58232  (1318/h, ETA 42.8h)  /mnt/d/helm_clones_github/rancher__charts/charts/harvester-csi-driver/107.0.1+up0.1.24
  1875/58232  (1319/h, ETA 42.7h)  /mnt/d/helm_clones_github/rancher__charts/charts/longhorn/102.4.2+up1.6.3
  1900/58232  (1319/h, ETA 42.7h)  /mnt/d/helm_clones_github/rancher__charts/charts/longhorn/104.3.0+up1.8.1
  1925/58232  (1318/h, ETA 42.7h)  /mnt/d/helm_clones_github/rancher__charts/charts/longhorn/107.2.1+up1.10.2
  1950/58232  (1309/h, ETA 43.0h)  /mnt/d/helm_clones_github/rancher__charts/charts/longhorn-crd/102.3.3+up1.5.5
  1975/58232  (1295/h, ETA 43.5h)  /mnt/d/helm_clones_github/rancher__charts/charts/longhorn-crd/104.2.0+up1.7.1
  2000/58232  (1280/h, ETA 43.9h)  /mnt/d/helm_clones_github/rancher__charts/charts/longhorn-crd/107.1.0+up1.9.1
  2025/58232  (1271/h, ETA 44.2h)  /mnt/d/helm_clones_github/rancher__charts/charts/neuvector/102.0.6+up2.6.6
  2050/58232  (1256/h, ETA 44.7h)  /mnt/d/helm_clones_github/rancher__charts/charts/neuvector/104.1.0+up2.8.10
  2075/58232  (1241/h, ETA 45.3h)  /mnt/d/helm_clones_github/rancher__charts/charts/neuvector/107.0.2+up2.8.9
  2100/58232  (1233/h, ETA 45.5h)  /mnt/d/helm_clones_github/rancher__charts/charts/neuvector-crd/103.0.1+up2.7.1
  2125/58232  (1229/h, ETA 45.6h)  /mnt/d/helm_clones_github/rancher__charts/charts/neuvector-crd/105.0.3+up2.8.6
  2150/58232  (1223/h, ETA 45.9h)  /mnt/d/helm_clones_github/rancher__charts/charts/neuvector-crd/108.0.2+up2.8.11
  2175/58232  (1227/h, ETA 45.7h)  /mnt/d/helm_clones_github/rancher__charts/charts/neuvector-monitor/104.1.0+up2.8.10
  2200/58232  (1232/h, ETA 45.5h)  /mnt/d/helm_clones_github/rancher__charts/charts/neuvector-monitor/107.0.3+up2.8.10
  2225/58232  (1234/h, ETA 45.4h)  /mnt/d/helm_clones_github/rancher__charts/charts/prometheus-federator/105.2.0+up2.0.0
  2250/58232  (1237/h, ETA 45.3h)  /mnt/d/helm_clones_github/rancher__charts/charts/rancher-aks-operator/102.2.1+up1.1.2
  2275/58232  (1243/h, ETA 45.0h)  /mnt/d/helm_clones_github/rancher__charts/charts/rancher-aks-operator/105.1.0+up1.10.1
  2300/58232  (1250/h, ETA 44.8h)  /mnt/d/helm_clones_github/rancher__charts/charts/rancher-aks-operator/107.4.0+up1.12.4
  2325/58232  (1256/h, ETA 44.5h)  /mnt/d/helm_clones_github/rancher__charts/charts/rancher-aks-operator-crd/103.2.0+up1.2.2
  2350/58232  (1262/h, ETA 44.3h)  /mnt/d/helm_clones_github/rancher__charts/charts/rancher-aks-operator-crd/105.7.0+up1.10.7
  2375/58232  (1269/h, ETA 44.0h)  /mnt/d/helm_clones_github/rancher__charts/charts/rancher-aks-operator-crd/108.1.0+up1.13.1
  2400/58232  (1271/h, ETA 43.9h)  /mnt/d/helm_clones_github/rancher__charts/charts/rancher-alerting-drivers/108.0.0
  2425/58232  (1274/h, ETA 43.8h)  /mnt/d/helm_clones_github/rancher__charts/charts/rancher-backup/105.0.2+up6.0.2
  2450/58232  (1271/h, ETA 43.9h)  /mnt/d/helm_clones_github/rancher__charts/charts/rancher-backup/2.0.1
  2475/58232  (1276/h, ETA 43.7h)  /mnt/d/helm_clones_github/rancher__charts/charts/rancher-backup-crd/103.0.2+up4.0.2
  2500/58232  (1281/h, ETA 43.5h)  /mnt/d/helm_clones_github/rancher__charts/charts/rancher-backup-crd/107.1.2+up8.1.2
  2525/58232  (1284/h, ETA 43.4h)  /mnt/d/helm_clones_github/rancher__charts/charts/rancher-cis-benchmark/105.3.0+up7.3.0
  2550/58232  (1275/h, ETA 43.7h)  /mnt/d/helm_clones_github/rancher__charts/charts/rancher-cis-benchmark/4.4.0
  2575/58232  (1273/h, ETA 43.7h)  /mnt/d/helm_clones_github/rancher__charts/charts/rancher-cis-benchmark-crd/106.2.0+up8.4.0
  2600/58232  (1279/h, ETA 43.5h)  /mnt/d/helm_clones_github/rancher__charts/charts/rancher-cis-benchmark-crd/5.4.0
  2625/58232  (1278/h, ETA 43.5h)  /mnt/d/helm_clones_github/rancher__charts/charts/rancher-compliance/108.2.0+up1.3.2
  2650/58232  (1281/h, ETA 43.4h)  /mnt/d/helm_clones_github/rancher__charts/charts/rancher-compliance-crd/108.6.0+up1.3.7
  2675/58232  (1287/h, ETA 43.2h)  /mnt/d/helm_clones_github/rancher__charts/charts/rancher-eks-operator/102.3.0+up1.2.4
  2700/58232  (1292/h, ETA 43.0h)  /mnt/d/helm_clones_github/rancher__charts/charts/rancher-eks-operator/105.4.0+up1.10.4
  2725/58232  (1298/h, ETA 42.8h)  /mnt/d/helm_clones_github/rancher__charts/charts/rancher-eks-operator/107.7.0+up1.12.7
  2750/58232  (1304/h, ETA 42.6h)  /mnt/d/helm_clones_github/rancher__charts/charts/rancher-eks-operator-crd/103.3.0+up1.3.3
  2775/58232  (1309/h, ETA 42.4h)  /mnt/d/helm_clones_github/rancher__charts/charts/rancher-eks-operator-crd/105.8.0+up1.10.8
  2800/58232  (1314/h, ETA 42.2h)  /mnt/d/helm_clones_github/rancher__charts/charts/rancher-eks-operator-crd/108.1.0+up1.13.1
  2825/58232  (1317/h, ETA 42.1h)  /mnt/d/helm_clones_github/rancher__charts/charts/rancher-gatekeeper-crd/104.0.0+up3.13.0
  2850/58232  (1322/h, ETA 41.9h)  /mnt/d/helm_clones_github/rancher__charts/charts/rancher-gke-operator/104.9.1+up1.9.10
  2875/58232  (1327/h, ETA 41.7h)  /mnt/d/helm_clones_github/rancher__charts/charts/rancher-gke-operator/107.1.0+up1.12.1
  2900/58232  (1332/h, ETA 41.5h)  /mnt/d/helm_clones_github/rancher__charts/charts/rancher-gke-operator-crd/103.0.1+up1.2.0
  2925/58232  (1337/h, ETA 41.4h)  /mnt/d/helm_clones_github/rancher__charts/charts/rancher-gke-operator-crd/105.6.0+up1.10.6
  2950/58232  (1342/h, ETA 41.2h)  /mnt/d/helm_clones_github/rancher__charts/charts/rancher-gke-operator-crd/107.9.0+up1.12.9
  2975/58232  (1336/h, ETA 41.4h)  /mnt/d/helm_clones_github/rancher__charts/charts/rancher-istio/103.2.2+up1.20.3
  3000/58232  (1326/h, ETA 41.7h)  /mnt/d/helm_clones_github/rancher__charts/charts/rancher-logging/101.0.0+up3.17.7
  3025/58232  (1323/h, ETA 41.7h)  /mnt/d/helm_clones_github/rancher__charts/charts/rancher-logging/106.0.0+up4.10.0-rancher.1
  3050/58232  (1290/h, ETA 42.8h)  /mnt/d/helm_clones_github/rancher__charts/charts/rancher-logging-crd/103.0.0+up3.17.10
  3075/58232  (1098/h, ETA 50.3h)  /mnt/d/helm_clones_github/rancher__charts/charts/rancher-logging-crd/106.0.7+up4.10.0-rancher.23
  3100/58232  (1017/h, ETA 54.2h)  /mnt/d/helm_clones_github/rancher__charts/charts/rancher-monitoring/103.1.1+up45.31.1
  3125/58232  (969/h, ETA 56.9h)  /mnt/d/helm_clones_github/rancher__charts/charts/rancher-monitoring/107.2.0+up69.8.2-rancher.20
  3150/58232  (952/h, ETA 57.9h)  /mnt/d/helm_clones_github/rancher__charts/charts/rancher-monitoring-crd/104.0.0+up45.31.1
  3175/58232  (956/h, ETA 57.6h)  /mnt/d/helm_clones_github/rancher__charts/charts/rancher-monitoring-crd/108.0.0+up77.9.1-rancher.6
  3200/58232  (957/h, ETA 57.5h)  /mnt/d/helm_clones_github/rancher__charts/charts/rancher-supportability-review/104.0.2+up0.1.4
  3225/58232  (961/h, ETA 57.2h)  /mnt/d/helm_clones_github/rancher__charts/charts/rancher-supportability-review-crd/106.0.3+up0.1.5
  3250/58232  (964/h, ETA 57.0h)  /mnt/d/helm_clones_github/rancher__charts/charts/rancher-turtles/109.0.2+up0.26.2-rc.0
  3275/58232  (966/h, ETA 56.9h)  /mnt/d/helm_clones_github/rancher__charts/charts/rancher-webhook/103.0.5+up0.4.6
  3300/58232  (971/h, ETA 56.6h)  /mnt/d/helm_clones_github/rancher__charts/charts/rancher-webhook/105.0.4+up0.6.5
  3325/58232  (974/h, ETA 56.4h)  /mnt/d/helm_clones_github/rancher__charts/charts/rancher-webhook/108.0.4+up0.9.4
  3350/58232  (978/h, ETA 56.1h)  /mnt/d/helm_clones_github/rancher__charts/charts/rancher-webhook/2.0.2+up0.3.2
  3375/58232  (980/h, ETA 56.0h)  /mnt/d/helm_clones_github/rancher__charts/charts/sriov-crd/101.0.1+up0.1.0
  3400/58232  (984/h, ETA 55.7h)  /mnt/d/helm_clones_github/rancher__charts/charts/system-upgrade-controller/107.0.0
  3425/58232  (988/h, ETA 55.5h)  /mnt/d/helm_clones_github/rancher__charts/packages/rancher-istio/1.24/rancher-istio/charts
  3450/58232  (990/h, ETA 55.3h)  /mnt/d/helm_clones_github/truenas__charts/charts/home-assistant/2.0.67
  3475/58232  (994/h, ETA 55.1h)  /mnt/d/helm_clones_github/truenas__charts/charts/wg-easy/2.0.21
  3500/58232  (997/h, ETA 54.9h)  /mnt/d/helm_clones_github/truenas__charts/community/handbrake/1.0.3
  3525/58232  (1002/h, ETA 54.6h)  /mnt/d/helm_clones_github/truenas__charts/community/netbootxyz/1.0.14
  3550/58232  (1006/h, ETA 54.4h)  /mnt/d/helm_clones_github/truenas__charts/community/sabnzbd/1.3.3
  3575/58232  (1010/h, ETA 54.1h)  /mnt/d/helm_clones_github/truenas__charts/library/ix-dev/charts/emby
  3600/58232  (1013/h, ETA 53.9h)  /mnt/d/helm_clones_github/truenas__charts/library/ix-dev/community/deluge
  3625/58232  (1016/h, ETA 53.7h)  /mnt/d/helm_clones_github/truenas__charts/library/ix-dev/community/komga
  3650/58232  (1020/h, ETA 53.5h)  /mnt/d/helm_clones_github/truenas__charts/library/ix-dev/community/planka
  3675/58232  (1023/h, ETA 53.3h)  /mnt/d/helm_clones_github/truenas__charts/library/ix-dev/community/vaultwarden
  3700/58232  (1026/h, ETA 53.1h)  /mnt/d/helm_clones_github/instantlinux__docker-tools/images/haproxy-keepalived/helm
  3725/58232  (1029/h, ETA 53.0h)  /mnt/d/helm_clones_github/instantlinux__docker-tools/k8s/helm/owntone
  3750/58232  (1031/h, ETA 52.8h)  /mnt/d/helm_clones_github/IBM__charts/community/openebs
  3775/58232  (1029/h, ETA 52.9h)  /mnt/d/helm_clones_github/IBM__charts/components/ibm-dataview-prod
  3800/58232  (1028/h, ETA 52.9h)  /mnt/d/helm_clones_github/IBM__charts/community/knative
  3825/58232  (1025/h, ETA 53.1h)  /mnt/d/helm_clones_github/IBM__charts/components/ibm-wml-ppc64le-prod
  3850/58232  (1019/h, ETA 53.4h)  /mnt/d/helm_clones_github/IBM__charts/entitled/ibm-cp4mcm-cloud-native-monitoring
  3875/58232  (1015/h, ETA 53.6h)  /mnt/d/helm_clones_github/IBM__charts/entitled/ibm-wml-accelerator-prod
  3900/58232  (1018/h, ETA 53.4h)  /mnt/d/helm_clones_github/IBM__charts/samples/ibm-sch/unit-tests/test-routename-4/chart
  3925/58232  (1020/h, ETA 53.2h)  /mnt/d/helm_clones_github/IBM__charts/entitled/ibm-guardium-insights-prod
  3950/58232  (1021/h, ETA 53.2h)  /mnt/d/helm_clones_github/IBM__charts/stable/ibm-postgres-dev
  3975/58232  (1021/h, ETA 53.2h)  /mnt/d/helm_clones_github/JahstreetOrg__spark-on-kubernetes-helm/charts/spark-monitoring
  4000/58232  (1019/h, ETA 53.2h)  /mnt/d/helm_clones_github/kubernetes-sigs__blob-csi-driver/charts/v1.12.0/blob-csi-driver
  4025/58232  (1020/h, ETA 53.2h)  /mnt/d/helm_clones_github/kubernetes-sigs__blob-csi-driver/charts/v1.23.2/blob-csi-driver
  4050/58232  (1021/h, ETA 53.1h)  /mnt/d/helm_clones_github/kubernetes-sigs__blob-csi-driver/charts/v1.26.7/blob-csi-driver
  4075/58232  (1021/h, ETA 53.1h)  /mnt/d/helm_clones_github/CenterForOpenScience__helm-charts/kibana
  4100/58232  (1022/h, ETA 53.0h)  /mnt/d/helm_clones_github/CenterForOpenScience__helm-charts/postgresql-ha
  4125/58232  (1022/h, ETA 52.9h)  /mnt/d/helm_clones_github/Obmondo__KubeAid/argocd-helm-charts/aws-efs-csi-driver
  4150/58232  (1017/h, ETA 53.2h)  /mnt/d/helm_clones_github/Obmondo__KubeAid/argocd-helm-charts/external-dns
  4175/58232  (1014/h, ETA 53.3h)  /mnt/d/helm_clones_github/Obmondo__KubeAid/argocd-helm-charts/ingress-nginx
  4200/58232  (1002/h, ETA 53.9h)  /mnt/d/helm_clones_github/Obmondo__KubeAid/argocd-helm-charts/openobserve
  4225/58232  (990/h, ETA 54.5h)  /mnt/d/helm_clones_github/Obmondo__KubeAid/argocd-helm-charts/traefik-forward-auth
  4250/58232  (991/h, ETA 54.5h)  /mnt/d/helm_clones_github/nicholaswilde__helm-charts/charts/digikam
  4275/58232  (995/h, ETA 54.2h)  /mnt/d/helm_clones_github/nicholaswilde__helm-charts/charts/odoo
  4300/58232  (998/h, ETA 54.0h)  /mnt/d/helm_clones_github/Mirantis__rockoon/charts/infra/app-gateway
  4325/58232  (999/h, ETA 54.0h)  /mnt/d/helm_clones_github/Mirantis__rockoon/charts/openstack/horizon
  4350/58232  (999/h, ETA 54.0h)  /mnt/d/helm_clones_github/rancher__partner-charts/charts/airlock/microgateway/4.4.3
  4375/58232  (995/h, ETA 54.1h)  /mnt/d/helm_clones_github/rancher__partner-charts/charts/airlock/microgateway/5.0.2
  4400/58232  (981/h, ETA 54.9h)  /mnt/d/helm_clones_github/rancher__partner-charts/charts/asserts/asserts/1.60.0
  4425/58232  (978/h, ETA 55.0h)  /mnt/d/helm_clones_github/rancher__partner-charts/charts/buoyant/linkerd-control-plane/2024.11.5
  4450/58232  (977/h, ETA 55.0h)  /mnt/d/helm_clones_github/rancher__partner-charts/charts/buoyant/linkerd-control-plane/2024.7.5
  4475/58232  (977/h, ETA 55.0h)  /mnt/d/helm_clones_github/rancher__partner-charts/charts/buoyant/linkerd-control-plane/2025.3.2
  4500/58232  (977/h, ETA 55.0h)  /mnt/d/helm_clones_github/rancher__partner-charts/charts/buoyant/linkerd-control-plane/2025.8.4
batch: 58232 charts, 4508 already done, 53724 to scan (6 workers, 180s/engine, engines=['kics-default', 'kics-enhanced'])
  25/53724  (1382/h, ETA 38.8h)  /mnt/d/helm_clones_github/rancher__partner-charts/charts/buoyant/linkerd-crds/2024.3.3
  50/53724  (1817/h, ETA 29.5h)  /mnt/d/helm_clones_github/rancher__partner-charts/charts/buoyant/linkerd-crds/2024.9.2
  75/53724  (2061/h, ETA 26.0h)  /mnt/d/helm_clones_github/rancher__partner-charts/charts/buoyant/linkerd-crds/2025.4.3
  100/53724  (2120/h, ETA 25.3h)  /mnt/d/helm_clones_github/rancher__partner-charts/charts/buoyant/linkerd-crds/2026.1.1
batch: 58232 charts, 4629 already done, 53603 to scan (32 workers, 180s/engine, engines=['kics-default', 'kics-enhanced'])
  25/53603  (649/h, ETA 82.6h)  /mnt/d/helm_clones_github/rancher__partner-charts/charts/clastix/kamaji/0.12.3
  50/53603  (961/h, ETA 55.7h)  /mnt/d/helm_clones_github/rancher__partner-charts/charts/cerbos/cerbos/0.46.0
  75/53603  (1224/h, ETA 43.7h)  /mnt/d/helm_clones_github/rancher__partner-charts/charts/cockroach-labs/cockroachdb/14.0.7
  100/53603  (1398/h, ETA 38.3h)  /mnt/d/helm_clones_github/rancher__partner-charts/charts/cockroach-labs/cockroachdb/18.0.0
  125/53603  (1230/h, ETA 43.5h)  /mnt/d/helm_clones_github/rancher__partner-charts/charts/codefresh/cf-runtime/6.3.53
batch: 58232 charts, 4764 already done, 53468 to scan (12 workers, 180s/engine, engines=['kics-default', 'kics-enhanced'])
  25/53468  (574/h, ETA 93.1h)  /mnt/d/helm_clones_github/rancher__partner-charts/charts/codefresh/cf-runtime/6.4.7
  50/53468  (684/h, ETA 78.1h)  /mnt/d/helm_clones_github/rancher__partner-charts/charts/codefresh/cf-runtime/7.5.12
  75/53468  (679/h, ETA 78.7h)  /mnt/d/helm_clones_github/rancher__partner-charts/charts/codefresh/cf-runtime/8.0.5
  100/53468  (714/h, ETA 74.7h)  /mnt/d/helm_clones_github/rancher__partner-charts/charts/codefresh/cf-runtime/9.0.1
  125/53468  (802/h, ETA 66.5h)  /mnt/d/helm_clones_github/rancher__partner-charts/charts/coder/coder/2.25.0
  150/53468  (921/h, ETA 57.9h)  /mnt/d/helm_clones_github/rancher__partner-charts/charts/coder/coder/2.30.2
  175/53468  (864/h, ETA 61.7h)  /mnt/d/helm_clones_github/rancher__partner-charts/charts/confluent/confluent-for-kubernetes/0.1033.10
