[chain] waiting for phase-1 inventory to complete (Fri Jul 24 02:54:34 WEST 2026)
[chain] inventory complete: 9861 charts. unique images:
charts inventoried : 9861 (9826 ok)
unique images      : 8397
[chain] launching phase-2 CVE scan (Fri Jul 24 03:50:16 WEST 2026)
cve: 8397 unique images, 0 done, 8397 to scan (6 workers)
  10/8397 (3636/h, ETA 2.3h)
  20/8397 (5043/h, ETA 1.7h)
  30/8397 (4448/h, ETA 1.9h)
  40/8397 (4199/h, ETA 2.0h)
  50/8397 (4055/h, ETA 2.1h)
  60/8397 (4157/h, ETA 2.0h)
  70/8397 (4062/h, ETA 2.0h)
  80/8397 (3996/h, ETA 2.1h)
  90/8397 (4068/h, ETA 2.0h)
  100/8397 (4013/h, ETA 2.1h)
  110/8397 (3969/h, ETA 2.1h)
  120/8397 (4025/h, ETA 2.1h)
  130/8397 (3985/h, ETA 2.1h)
  140/8397 (3952/h, ETA 2.1h)
  150/8397 (3997/h, ETA 2.1h)
  160/8397 (3967/h, ETA 2.1h)
  170/8397 (3942/h, ETA 2.1h)
  180/8397 (3979/h, ETA 2.1h)
  190/8397 (3956/h, ETA 2.1h)
  200/8397 (3935/h, ETA 2.1h)
  210/8397 (3916/h, ETA 2.1h)
  220/8397 (3948/h, ETA 2.1h)
  230/8397 (3930/h, ETA 2.1h)
  240/8397 (3914/h, ETA 2.1h)
  250/8397 (3942/h, ETA 2.1h)
  260/8397 (3927/h, ETA 2.1h)
  270/8397 (3913/h, ETA 2.1h)
  280/8397 (3938/h, ETA 2.1h)
  290/8397 (3924/h, ETA 2.1h)
  300/8397 (3912/h, ETA 2.1h)
  310/8397 (3934/h, ETA 2.1h)
  320/8397 (3925/h, ETA 2.1h)
  330/8397 (3913/h, ETA 2.1h)
  340/8397 (3933/h, ETA 2.0h)
  350/8397 (3923/h, ETA 2.1h)
  360/8397 (3911/h, ETA 2.1h)
  370/8397 (3935/h, ETA 2.0h)
  380/8397 (4003/h, ETA 2.0h)
  390/8397 (4022/h, ETA 2.0h)
  400/8397 (4039/h, ETA 2.0h)
  410/8397 (4068/h, ETA 2.0h)
  420/8397 (4097/h, ETA 1.9h)
  430/8397 (4151/h, ETA 1.9h)
  440/8397 (4173/h, ETA 1.9h)
  450/8397 (4189/h, ETA 1.9h)
  460/8397 (4202/h, ETA 1.9h)
  470/8397 (4228/h, ETA 1.9h)
  480/8397 (4275/h, ETA 1.9h)
  490/8397 (4297/h, ETA 1.8h)
  500/8397 (4308/h, ETA 1.8h)
  510/8397 (4329/h, ETA 1.8h)
  520/8397 (4350/h, ETA 1.8h)
  530/8397 (4395/h, ETA 1.8h)
  540/8397 (4418/h, ETA 1.8h)
  550/8397 (4425/h, ETA 1.8h)
  560/8397 (4419/h, ETA 1.8h)
  570/8397 (4448/h, ETA 1.8h)
  580/8397 (4448/h, ETA 1.8h)
  590/8397 (4437/h, ETA 1.8h)
  600/8397 (4460/h, ETA 1.7h)
  610/8397 (4469/h, ETA 1.7h)
  620/8397 (4491/h, ETA 1.7h)
  630/8397 (4501/h, ETA 1.7h)
  640/8397 (4535/h, ETA 1.7h)
  650/8397 (4543/h, ETA 1.7h)
  660/8397 (4546/h, ETA 1.7h)
  670/8397 (4535/h, ETA 1.7h)
  680/8397 (4519/h, ETA 1.7h)
  690/8397 (4522/h, ETA 1.7h)
  700/8397 (4510/h, ETA 1.7h)
  710/8397 (4494/h, ETA 1.7h)
  720/8397 (4481/h, ETA 1.7h)
  730/8397 (4465/h, ETA 1.7h)
  740/8397 (4478/h, ETA 1.7h)
  750/8397 (4491/h, ETA 1.7h)
  760/8397 (4477/h, ETA 1.7h)
  770/8397 (4462/h, ETA 1.7h)
  780/8397 (4465/h, ETA 1.7h)
  790/8397 (4451/h, ETA 1.7h)
  800/8397 (4438/h, ETA 1.7h)
  810/8397 (4442/h, ETA 1.7h)
  820/8397 (4429/h, ETA 1.7h)
  830/8397 (4416/h, ETA 1.7h)
  840/8397 (4420/h, ETA 1.7h)
  850/8397 (4408/h, ETA 1.7h)
  860/8397 (4396/h, ETA 1.7h)
  870/8397 (4384/h, ETA 1.7h)
  880/8397 (4388/h, ETA 1.7h)
  890/8397 (4377/h, ETA 1.7h)
  900/8397 (4366/h, ETA 1.7h)
  910/8397 (4370/h, ETA 1.7h)
  920/8397 (4360/h, ETA 1.7h)
  930/8397 (4349/h, ETA 1.7h)
  940/8397 (4353/h, ETA 1.7h)
  950/8397 (4343/h, ETA 1.7h)
  960/8397 (4334/h, ETA 1.7h)
  970/8397 (4338/h, ETA 1.7h)
  980/8397 (4328/h, ETA 1.7h)
  990/8397 (4319/h, ETA 1.7h)
  1000/8397 (4323/h, ETA 1.7h)
  1010/8397 (4336/h, ETA 1.7h)
  1020/8397 (4347/h, ETA 1.7h)
  1030/8397 (4363/h, ETA 1.7h)
  1040/8397 (4372/h, ETA 1.7h)
  1050/8397 (4384/h, ETA 1.7h)
  1060/8397 (4406/h, ETA 1.7h)
  1070/8397 (4418/h, ETA 1.7h)
  1080/8397 (4425/h, ETA 1.7h)
  1090/8397 (4437/h, ETA 1.6h)
  1100/8397 (4444/h, ETA 1.6h)
  1110/8397 (4470/h, ETA 1.6h)
  1120/8397 (4484/h, ETA 1.6h)
  1130/8397 (4490/h, ETA 1.6h)
  1140/8397 (4496/h, ETA 1.6h)
  1150/8397 (4512/h, ETA 1.6h)
  1160/8397 (4534/h, ETA 1.6h)
  1170/8397 (4532/h, ETA 1.6h)
  1180/8397 (4546/h, ETA 1.6h)
  1190/8397 (4552/h, ETA 1.6h)
  1200/8397 (4558/h, ETA 1.6h)
  1210/8397 (4568/h, ETA 1.6h)
  1220/8397 (4558/h, ETA 1.6h)
  1230/8397 (4558/h, ETA 1.6h)
  1240/8397 (4561/h, ETA 1.6h)
  1250/8397 (4563/h, ETA 1.6h)
  1260/8397 (4553/h, ETA 1.6h)
  1270/8397 (4543/h, ETA 1.6h)
  1280/8397 (4545/h, ETA 1.6h)
  1290/8397 (4536/h, ETA 1.6h)
  1300/8397 (4526/h, ETA 1.6h)
  1310/8397 (4535/h, ETA 1.6h)
  1320/8397 (4537/h, ETA 1.6h)
  1330/8397 (4548/h, ETA 1.6h)
  1340/8397 (4543/h, ETA 1.6h)
  1350/8397 (4544/h, ETA 1.6h)
  1360/8397 (4535/h, ETA 1.6h)
  1370/8397 (4526/h, ETA 1.6h)
  1380/8397 (4518/h, ETA 1.6h)
  1390/8397 (4524/h, ETA 1.5h)
  1400/8397 (4518/h, ETA 1.5h)
  1410/8397 (4521/h, ETA 1.5h)
  1420/8397 (4523/h, ETA 1.5h)
  1430/8397 (4514/h, ETA 1.5h)
  1440/8397 (4506/h, ETA 1.5h)
  1450/8397 (4498/h, ETA 1.5h)
  1460/8397 (4500/h, ETA 1.5h)
  1470/8397 (4506/h, ETA 1.5h)
  1480/8397 (4510/h, ETA 1.5h)
  1490/8397 (4511/h, ETA 1.5h)
  1500/8397 (4507/h, ETA 1.5h)
  1510/8397 (4509/h, ETA 1.5h)
  1520/8397 (4501/h, ETA 1.5h)
  1530/8397 (4505/h, ETA 1.5h)
  1540/8397 (4498/h, ETA 1.5h)
  1550/8397 (4502/h, ETA 1.5h)
  1560/8397 (4494/h, ETA 1.5h)
  1570/8397 (4495/h, ETA 1.5h)
  1580/8397 (4504/h, ETA 1.5h)
  1590/8397 (4519/h, ETA 1.5h)
  1600/8397 (4525/h, ETA 1.5h)
  1610/8397 (4529/h, ETA 1.5h)
  1620/8397 (4537/h, ETA 1.5h)
  1630/8397 (4540/h, ETA 1.5h)
  1640/8397 (4541/h, ETA 1.5h)
  1650/8397 (4534/h, ETA 1.5h)
  1660/8397 (4529/h, ETA 1.5h)
  1670/8397 (4546/h, ETA 1.5h)
  1680/8397 (4573/h, ETA 1.5h)
  1690/8397 (4599/h, ETA 1.5h)
  1700/8397 (4626/h, ETA 1.4h)
  1710/8397 (4653/h, ETA 1.4h)
  1720/8397 (4662/h, ETA 1.4h)
  1730/8397 (4657/h, ETA 1.4h)
  1740/8397 (4657/h, ETA 1.4h)
  1750/8397 (4679/h, ETA 1.4h)
  1760/8397 (4705/h, ETA 1.4h)
  1770/8397 (4721/h, ETA 1.4h)
  1780/8397 (4734/h, ETA 1.4h)
  1790/8397 (4739/h, ETA 1.4h)
  1800/8397 (4748/h, ETA 1.4h)
  1810/8397 (4743/h, ETA 1.4h)
  1820/8397 (4741/h, ETA 1.4h)
  1830/8397 (4741/h, ETA 1.4h)
  1840/8397 (4735/h, ETA 1.4h)
  1850/8397 (4742/h, ETA 1.4h)
  1860/8397 (4746/h, ETA 1.4h)
  1870/8397 (4750/h, ETA 1.4h)
  1880/8397 (4748/h, ETA 1.4h)
  1890/8397 (4743/h, ETA 1.4h)
  1900/8397 (4743/h, ETA 1.4h)
  1910/8397 (4745/h, ETA 1.4h)
  1920/8397 (4747/h, ETA 1.4h)
  1930/8397 (4750/h, ETA 1.4h)
  1940/8397 (4755/h, ETA 1.4h)
  1950/8397 (4767/h, ETA 1.4h)
  1960/8397 (4771/h, ETA 1.3h)
  1970/8397 (4775/h, ETA 1.3h)
  1980/8397 (4776/h, ETA 1.3h)
  1990/8397 (4780/h, ETA 1.3h)
  2000/8397 (4792/h, ETA 1.3h)
  2010/8397 (4794/h, ETA 1.3h)
  2020/8397 (4786/h, ETA 1.3h)
  2030/8397 (4790/h, ETA 1.3h)
  2040/8397 (4791/h, ETA 1.3h)
  2050/8397 (4783/h, ETA 1.3h)
  2060/8397 (4788/h, ETA 1.3h)
  2070/8397 (4780/h, ETA 1.3h)
  2080/8397 (4781/h, ETA 1.3h)
  2090/8397 (4790/h, ETA 1.3h)
  2100/8397 (4790/h, ETA 1.3h)
  2110/8397 (4789/h, ETA 1.3h)
  2120/8397 (4798/h, ETA 1.3h)
  2130/8397 (4797/h, ETA 1.3h)
  2140/8397 (4798/h, ETA 1.3h)
  2150/8397 (4790/h, ETA 1.3h)
  2160/8397 (4801/h, ETA 1.3h)
  2170/8397 (4797/h, ETA 1.3h)
  2180/8397 (4791/h, ETA 1.3h)
  2190/8397 (4787/h, ETA 1.3h)
  2200/8397 (4798/h, ETA 1.3h)
  2210/8397 (4791/h, ETA 1.3h)
  2220/8397 (4797/h, ETA 1.3h)
  2230/8397 (4801/h, ETA 1.3h)
  2240/8397 (4802/h, ETA 1.3h)
  2250/8397 (4813/h, ETA 1.3h)
  2260/8397 (4806/h, ETA 1.3h)
  2270/8397 (4808/h, ETA 1.3h)
  2280/8397 (4804/h, ETA 1.3h)
  2290/8397 (4815/h, ETA 1.3h)
  2300/8397 (4821/h, ETA 1.3h)
  2310/8397 (4814/h, ETA 1.3h)
  2320/8397 (4811/h, ETA 1.3h)
  2330/8397 (4818/h, ETA 1.3h)
  2340/8397 (4811/h, ETA 1.3h)
  2350/8397 (4812/h, ETA 1.3h)
  2360/8397 (4810/h, ETA 1.3h)
  2370/8397 (4818/h, ETA 1.3h)
  2380/8397 (4812/h, ETA 1.3h)
  2390/8397 (4808/h, ETA 1.2h)
  2400/8397 (4808/h, ETA 1.2h)
  2410/8397 (4818/h, ETA 1.2h)
  2420/8397 (4816/h, ETA 1.2h)
  2430/8397 (4815/h, ETA 1.2h)
  2440/8397 (4816/h, ETA 1.2h)
  2450/8397 (4820/h, ETA 1.2h)
  2460/8397 (4829/h, ETA 1.2h)
  2470/8397 (4832/h, ETA 1.2h)
  2480/8397 (4836/h, ETA 1.2h)
  2490/8397 (4838/h, ETA 1.2h)
  2500/8397 (4842/h, ETA 1.2h)
  2510/8397 (4847/h, ETA 1.2h)
  2520/8397 (4842/h, ETA 1.2h)
  2530/8397 (4843/h, ETA 1.2h)
  2540/8397 (4845/h, ETA 1.2h)
  2550/8397 (4843/h, ETA 1.2h)
  2560/8397 (4849/h, ETA 1.2h)
  2570/8397 (4844/h, ETA 1.2h)
  2580/8397 (4841/h, ETA 1.2h)
  2590/8397 (4845/h, ETA 1.2h)
  2600/8397 (4842/h, ETA 1.2h)
  2610/8397 (4839/h, ETA 1.2h)
  2620/8397 (4842/h, ETA 1.2h)
  2630/8397 (4840/h, ETA 1.2h)
  2640/8397 (4834/h, ETA 1.2h)
  2650/8397 (4838/h, ETA 1.2h)
  2660/8397 (4838/h, ETA 1.2h)
  2670/8397 (4833/h, ETA 1.2h)
  2680/8397 (4837/h, ETA 1.2h)
  2690/8397 (4833/h, ETA 1.2h)
  2700/8397 (4839/h, ETA 1.2h)
  2710/8397 (4834/h, ETA 1.2h)
  2720/8397 (4827/h, ETA 1.2h)
  2730/8397 (4828/h, ETA 1.2h)
  2740/8397 (4832/h, ETA 1.2h)
  2750/8397 (4826/h, ETA 1.2h)
  2760/8397 (4823/h, ETA 1.2h)
  2770/8397 (4825/h, ETA 1.2h)
  2780/8397 (4824/h, ETA 1.2h)
  2790/8397 (4823/h, ETA 1.2h)
  2800/8397 (4820/h, ETA 1.2h)
  2810/8397 (4825/h, ETA 1.2h)
  2820/8397 (4830/h, ETA 1.2h)
  2830/8397 (4835/h, ETA 1.2h)
  2840/8397 (4829/h, ETA 1.2h)
  2850/8397 (4831/h, ETA 1.1h)
  2860/8397 (4839/h, ETA 1.1h)
  2870/8397 (4840/h, ETA 1.1h)
  2880/8397 (4841/h, ETA 1.1h)
  2890/8397 (4836/h, ETA 1.1h)
  2900/8397 (4849/h, ETA 1.1h)
  2910/8397 (4866/h, ETA 1.1h)
  2920/8397 (4882/h, ETA 1.1h)
  2930/8397 (4898/h, ETA 1.1h)
  2940/8397 (4915/h, ETA 1.1h)
  2950/8397 (4931/h, ETA 1.1h)
  2960/8397 (4948/h, ETA 1.1h)
  2970/8397 (4956/h, ETA 1.1h)
  2980/8397 (4955/h, ETA 1.1h)
  2990/8397 (4953/h, ETA 1.1h)
  3000/8397 (4955/h, ETA 1.1h)
  3010/8397 (4967/h, ETA 1.1h)
  3020/8397 (4974/h, ETA 1.1h)
  3030/8397 (4978/h, ETA 1.1h)
  3040/8397 (4973/h, ETA 1.1h)
  3050/8397 (4969/h, ETA 1.1h)
  3060/8397 (4969/h, ETA 1.1h)
  3070/8397 (4969/h, ETA 1.1h)
  3080/8397 (4971/h, ETA 1.1h)
  3090/8397 (4965/h, ETA 1.1h)
  3100/8397 (4969/h, ETA 1.1h)
  3110/8397 (4970/h, ETA 1.1h)
  3120/8397 (4967/h, ETA 1.1h)
  3130/8397 (4961/h, ETA 1.1h)
  3140/8397 (4969/h, ETA 1.1h)
  3150/8397 (4963/h, ETA 1.1h)
  3160/8397 (4958/h, ETA 1.1h)
  3170/8397 (4961/h, ETA 1.1h)
  3180/8397 (4960/h, ETA 1.1h)
  3190/8397 (4956/h, ETA 1.1h)
  3200/8397 (4958/h, ETA 1.0h)
  3210/8397 (4958/h, ETA 1.0h)
  3220/8397 (4967/h, ETA 1.0h)
  3230/8397 (4967/h, ETA 1.0h)
  3240/8397 (4968/h, ETA 1.0h)
  3250/8397 (4969/h, ETA 1.0h)
  3260/8397 (4971/h, ETA 1.0h)
  3270/8397 (4979/h, ETA 1.0h)
  3280/8397 (4979/h, ETA 1.0h)
  3290/8397 (4981/h, ETA 1.0h)
  3300/8397 (4983/h, ETA 1.0h)
  3310/8397 (4985/h, ETA 1.0h)
  3320/8397 (4992/h, ETA 1.0h)
  3330/8397 (4992/h, ETA 1.0h)
  3340/8397 (4992/h, ETA 1.0h)
  3350/8397 (4994/h, ETA 1.0h)
  3360/8397 (4996/h, ETA 1.0h)
  3370/8397 (5002/h, ETA 1.0h)
  3380/8397 (5003/h, ETA 1.0h)
  3390/8397 (5003/h, ETA 1.0h)
  3400/8397 (5005/h, ETA 1.0h)
  3410/8397 (5007/h, ETA 1.0h)
  3420/8397 (5009/h, ETA 1.0h)
  3430/8397 (5005/h, ETA 1.0h)
  3440/8397 (5012/h, ETA 1.0h)
  3450/8397 (5009/h, ETA 1.0h)
  3460/8397 (5004/h, ETA 1.0h)
  3470/8397 (5003/h, ETA 1.0h)
  3480/8397 (5004/h, ETA 1.0h)
  3490/8397 (5006/h, ETA 1.0h)
  3500/8397 (5008/h, ETA 1.0h)
  3510/8397 (5008/h, ETA 1.0h)
  3520/8397 (5015/h, ETA 1.0h)
  3530/8397 (5016/h, ETA 1.0h)
  3540/8397 (5017/h, ETA 1.0h)
  3550/8397 (5020/h, ETA 1.0h)
  3560/8397 (5018/h, ETA 1.0h)
  3570/8397 (5025/h, ETA 1.0h)
  3580/8397 (5026/h, ETA 1.0h)
  3590/8397 (5028/h, ETA 1.0h)
  3600/8397 (5026/h, ETA 1.0h)
  3610/8397 (5028/h, ETA 1.0h)
  3620/8397 (5036/h, ETA 0.9h)
  3630/8397 (5036/h, ETA 0.9h)
  3640/8397 (5038/h, ETA 0.9h)
  3650/8397 (5040/h, ETA 0.9h)
  3660/8397 (5042/h, ETA 0.9h)
  3670/8397 (5044/h, ETA 0.9h)
  3680/8397 (5045/h, ETA 0.9h)
  3690/8397 (5045/h, ETA 0.9h)
  3700/8397 (5054/h, ETA 0.9h)
  3710/8397 (5054/h, ETA 0.9h)
  3720/8397 (5058/h, ETA 0.9h)
  3730/8397 (5059/h, ETA 0.9h)
  3740/8397 (5061/h, ETA 0.9h)
  3750/8397 (5065/h, ETA 0.9h)
  3760/8397 (5069/h, ETA 0.9h)
  3770/8397 (5068/h, ETA 0.9h)
  3780/8397 (5068/h, ETA 0.9h)
  3790/8397 (5070/h, ETA 0.9h)
  3800/8397 (5074/h, ETA 0.9h)
  3810/8397 (5076/h, ETA 0.9h)
  3820/8397 (5077/h, ETA 0.9h)
  3830/8397 (5079/h, ETA 0.9h)
  3840/8397 (5080/h, ETA 0.9h)
  3850/8397 (5085/h, ETA 0.9h)
  3860/8397 (5086/h, ETA 0.9h)
  3870/8397 (5088/h, ETA 0.9h)
  3880/8397 (5089/h, ETA 0.9h)
  3890/8397 (5091/h, ETA 0.9h)
  3900/8397 (5087/h, ETA 0.9h)
  3910/8397 (5100/h, ETA 0.9h)
  3920/8397 (5094/h, ETA 0.9h)
  3930/8397 (5098/h, ETA 0.9h)
  3940/8397 (5104/h, ETA 0.9h)
  3950/8397 (5110/h, ETA 0.9h)
  3960/8397 (5112/h, ETA 0.9h)
  3970/8397 (5113/h, ETA 0.9h)
  3980/8397 (5113/h, ETA 0.9h)
  3990/8397 (5115/h, ETA 0.9h)
  4000/8397 (5118/h, ETA 0.9h)
  4010/8397 (5114/h, ETA 0.9h)
  4020/8397 (5114/h, ETA 0.9h)
  4030/8397 (5109/h, ETA 0.9h)
  4040/8397 (5112/h, ETA 0.9h)
  4050/8397 (5109/h, ETA 0.9h)
  4060/8397 (5118/h, ETA 0.8h)
  4070/8397 (5131/h, ETA 0.8h)
  4080/8397 (5139/h, ETA 0.8h)
  4090/8397 (5138/h, ETA 0.8h)
  4100/8397 (5138/h, ETA 0.8h)
  4110/8397 (5132/h, ETA 0.8h)
  4120/8397 (5133/h, ETA 0.8h)
  4130/8397 (5133/h, ETA 0.8h)
  4140/8397 (5136/h, ETA 0.8h)
  4150/8397 (5132/h, ETA 0.8h)
  4160/8397 (5132/h, ETA 0.8h)
  4170/8397 (5130/h, ETA 0.8h)
  4180/8397 (5132/h, ETA 0.8h)
  4190/8397 (5133/h, ETA 0.8h)
  4200/8397 (5131/h, ETA 0.8h)
  4210/8397 (5129/h, ETA 0.8h)
  4220/8397 (5133/h, ETA 0.8h)
  4230/8397 (5127/h, ETA 0.8h)
  4240/8397 (5126/h, ETA 0.8h)
  4250/8397 (5128/h, ETA 0.8h)
  4260/8397 (5133/h, ETA 0.8h)
  4270/8397 (5133/h, ETA 0.8h)
  4280/8397 (5130/h, ETA 0.8h)
  4290/8397 (5130/h, ETA 0.8h)
  4300/8397 (5131/h, ETA 0.8h)
  4310/8397 (5131/h, ETA 0.8h)
  4320/8397 (5128/h, ETA 0.8h)
  4330/8397 (5125/h, ETA 0.8h)
  4340/8397 (5124/h, ETA 0.8h)
  4350/8397 (5125/h, ETA 0.8h)
  4360/8397 (5121/h, ETA 0.8h)
  4370/8397 (5115/h, ETA 0.8h)
  4380/8397 (5122/h, ETA 0.8h)
  4390/8397 (5122/h, ETA 0.8h)
  4400/8397 (5123/h, ETA 0.8h)
  4410/8397 (5121/h, ETA 0.8h)
  4420/8397 (5124/h, ETA 0.8h)
  4430/8397 (5123/h, ETA 0.8h)
  4440/8397 (5124/h, ETA 0.8h)
  4450/8397 (5124/h, ETA 0.8h)
  4460/8397 (5123/h, ETA 0.8h)
  4470/8397 (5127/h, ETA 0.8h)
  4480/8397 (5125/h, ETA 0.8h)
  4490/8397 (5120/h, ETA 0.8h)
  4500/8397 (5117/h, ETA 0.8h)
  4510/8397 (5121/h, ETA 0.8h)
  4520/8397 (5119/h, ETA 0.8h)
  4530/8397 (5121/h, ETA 0.8h)
  4540/8397 (5121/h, ETA 0.8h)
  4550/8397 (5123/h, ETA 0.8h)
  4560/8397 (5124/h, ETA 0.7h)
  4570/8397 (5120/h, ETA 0.7h)
  4580/8397 (5121/h, ETA 0.7h)
  4590/8397 (5120/h, ETA 0.7h)
  4600/8397 (5122/h, ETA 0.7h)
  4610/8397 (5123/h, ETA 0.7h)
  4620/8397 (5123/h, ETA 0.7h)
  4630/8397 (5126/h, ETA 0.7h)
  4640/8397 (5128/h, ETA 0.7h)
  4650/8397 (5128/h, ETA 0.7h)
  4660/8397 (5130/h, ETA 0.7h)
  4670/8397 (5132/h, ETA 0.7h)
  4680/8397 (5132/h, ETA 0.7h)
  4690/8397 (5136/h, ETA 0.7h)
  4700/8397 (5138/h, ETA 0.7h)
  4710/8397 (5136/h, ETA 0.7h)
  4720/8397 (5136/h, ETA 0.7h)
  4730/8397 (5135/h, ETA 0.7h)
  4740/8397 (5136/h, ETA 0.7h)
  4750/8397 (5136/h, ETA 0.7h)
  4760/8397 (5132/h, ETA 0.7h)
  4770/8397 (5133/h, ETA 0.7h)
  4780/8397 (5133/h, ETA 0.7h)
  4790/8397 (5135/h, ETA 0.7h)
  4800/8397 (5135/h, ETA 0.7h)
  4810/8397 (5137/h, ETA 0.7h)
  4820/8397 (5140/h, ETA 0.7h)
  4830/8397 (5140/h, ETA 0.7h)
  4840/8397 (5141/h, ETA 0.7h)
  4850/8397 (5137/h, ETA 0.7h)
  4860/8397 (5136/h, ETA 0.7h)
  4870/8397 (5137/h, ETA 0.7h)
  4880/8397 (5133/h, ETA 0.7h)
  4890/8397 (5131/h, ETA 0.7h)
  4900/8397 (5134/h, ETA 0.7h)
  4910/8397 (5133/h, ETA 0.7h)
  4920/8397 (5131/h, ETA 0.7h)
  4930/8397 (5132/h, ETA 0.7h)
  4940/8397 (5132/h, ETA 0.7h)
  4950/8397 (5135/h, ETA 0.7h)
  4960/8397 (5134/h, ETA 0.7h)
  4970/8397 (5134/h, ETA 0.7h)
  4980/8397 (5130/h, ETA 0.7h)
  4990/8397 (5130/h, ETA 0.7h)
  5000/8397 (5130/h, ETA 0.7h)
  5010/8397 (5126/h, ETA 0.7h)
  5020/8397 (5127/h, ETA 0.7h)
  5030/8397 (5127/h, ETA 0.7h)
  5040/8397 (5126/h, ETA 0.7h)
  5050/8397 (5126/h, ETA 0.7h)
  5060/8397 (5127/h, ETA 0.7h)
  5070/8397 (5133/h, ETA 0.6h)
  5080/8397 (5130/h, ETA 0.6h)
  5090/8397 (5129/h, ETA 0.6h)
  5100/8397 (5126/h, ETA 0.6h)
  5110/8397 (5125/h, ETA 0.6h)
  5120/8397 (5126/h, ETA 0.6h)
  5130/8397 (5121/h, ETA 0.6h)
  5140/8397 (5120/h, ETA 0.6h)
  5150/8397 (5125/h, ETA 0.6h)
  5160/8397 (5122/h, ETA 0.6h)
  5170/8397 (5122/h, ETA 0.6h)
  5180/8397 (5127/h, ETA 0.6h)
  5190/8397 (5130/h, ETA 0.6h)
  5200/8397 (5140/h, ETA 0.6h)
  5210/8397 (5147/h, ETA 0.6h)
  5220/8397 (5156/h, ETA 0.6h)
  5230/8397 (5159/h, ETA 0.6h)
  5240/8397 (5164/h, ETA 0.6h)
  5250/8397 (5167/h, ETA 0.6h)
  5260/8397 (5167/h, ETA 0.6h)
  5270/8397 (5165/h, ETA 0.6h)
  5280/8397 (5170/h, ETA 0.6h)
  5290/8397 (5171/h, ETA 0.6h)
  5300/8397 (5172/h, ETA 0.6h)
  5310/8397 (5173/h, ETA 0.6h)
  5320/8397 (5171/h, ETA 0.6h)
  5330/8397 (5175/h, ETA 0.6h)
  5340/8397 (5177/h, ETA 0.6h)
  5350/8397 (5172/h, ETA 0.6h)
  5360/8397 (5168/h, ETA 0.6h)
  5370/8397 (5174/h, ETA 0.6h)
  5380/8397 (5173/h, ETA 0.6h)
  5390/8397 (5170/h, ETA 0.6h)
  5400/8397 (5170/h, ETA 0.6h)
  5410/8397 (5170/h, ETA 0.6h)
  5420/8397 (5166/h, ETA 0.6h)
  5430/8397 (5169/h, ETA 0.6h)
  5440/8397 (5167/h, ETA 0.6h)
  5450/8397 (5171/h, ETA 0.6h)
  5460/8397 (5172/h, ETA 0.6h)
  5470/8397 (5173/h, ETA 0.6h)
  5480/8397 (5169/h, ETA 0.6h)
  5490/8397 (5171/h, ETA 0.6h)
  5500/8397 (5170/h, ETA 0.6h)
  5510/8397 (5166/h, ETA 0.6h)
  5520/8397 (5167/h, ETA 0.6h)
  5530/8397 (5170/h, ETA 0.6h)
  5540/8397 (5169/h, ETA 0.6h)
  5550/8397 (5169/h, ETA 0.6h)
  5560/8397 (5166/h, ETA 0.5h)
  5570/8397 (5166/h, ETA 0.5h)
  5580/8397 (5168/h, ETA 0.5h)
  5590/8397 (5169/h, ETA 0.5h)
  5600/8397 (5170/h, ETA 0.5h)
  5610/8397 (5168/h, ETA 0.5h)
  5620/8397 (5171/h, ETA 0.5h)
  5630/8397 (5168/h, ETA 0.5h)
  5640/8397 (5166/h, ETA 0.5h)
  5650/8397 (5166/h, ETA 0.5h)
  5660/8397 (5169/h, ETA 0.5h)
  5670/8397 (5167/h, ETA 0.5h)
  5680/8397 (5167/h, ETA 0.5h)
  5690/8397 (5171/h, ETA 0.5h)
  5700/8397 (5166/h, ETA 0.5h)
  5710/8397 (5173/h, ETA 0.5h)
  5720/8397 (5174/h, ETA 0.5h)
  5730/8397 (5173/h, ETA 0.5h)
  5740/8397 (5171/h, ETA 0.5h)
  5750/8397 (5174/h, ETA 0.5h)
  5760/8397 (5170/h, ETA 0.5h)
  5770/8397 (5166/h, ETA 0.5h)
  5780/8397 (5165/h, ETA 0.5h)
  5790/8397 (5166/h, ETA 0.5h)
  5800/8397 (5166/h, ETA 0.5h)
  5810/8397 (5164/h, ETA 0.5h)
  5820/8397 (5164/h, ETA 0.5h)
  5830/8397 (5164/h, ETA 0.5h)
  5840/8397 (5165/h, ETA 0.5h)
  5850/8397 (5167/h, ETA 0.5h)
  5860/8397 (5170/h, ETA 0.5h)
  5870/8397 (5170/h, ETA 0.5h)
  5880/8397 (5171/h, ETA 0.5h)
  5890/8397 (5172/h, ETA 0.5h)
  5900/8397 (5176/h, ETA 0.5h)
  5910/8397 (5177/h, ETA 0.5h)
  5920/8397 (5177/h, ETA 0.5h)
  5930/8397 (5176/h, ETA 0.5h)
  5940/8397 (5172/h, ETA 0.5h)
  5950/8397 (5173/h, ETA 0.5h)
  5960/8397 (5170/h, ETA 0.5h)
  5970/8397 (5176/h, ETA 0.5h)
  5980/8397 (5172/h, ETA 0.5h)
  5990/8397 (5173/h, ETA 0.5h)
  6000/8397 (5171/h, ETA 0.5h)
  6010/8397 (5170/h, ETA 0.5h)
  6020/8397 (5167/h, ETA 0.5h)
  6030/8397 (5165/h, ETA 0.5h)
  6040/8397 (5165/h, ETA 0.5h)
  6050/8397 (5162/h, ETA 0.5h)
  6060/8397 (5161/h, ETA 0.5h)
  6070/8397 (5158/h, ETA 0.5h)
  6080/8397 (5158/h, ETA 0.4h)
  6090/8397 (5155/h, ETA 0.4h)
  6100/8397 (5155/h, ETA 0.4h)
  6110/8397 (5156/h, ETA 0.4h)
  6120/8397 (5154/h, ETA 0.4h)
  6130/8397 (5151/h, ETA 0.4h)
  6140/8397 (5149/h, ETA 0.4h)
  6150/8397 (5150/h, ETA 0.4h)
  6160/8397 (5147/h, ETA 0.4h)
  6170/8397 (5144/h, ETA 0.4h)
  6180/8397 (5144/h, ETA 0.4h)
  6190/8397 (5147/h, ETA 0.4h)
  6200/8397 (5145/h, ETA 0.4h)
  6210/8397 (5145/h, ETA 0.4h)
  6220/8397 (5146/h, ETA 0.4h)
  6230/8397 (5148/h, ETA 0.4h)
  6240/8397 (5149/h, ETA 0.4h)
  6250/8397 (5149/h, ETA 0.4h)
  6260/8397 (5148/h, ETA 0.4h)
  6270/8397 (5148/h, ETA 0.4h)
  6280/8397 (5151/h, ETA 0.4h)
  6290/8397 (5152/h, ETA 0.4h)
  6300/8397 (5154/h, ETA 0.4h)
  6310/8397 (5152/h, ETA 0.4h)
  6320/8397 (5153/h, ETA 0.4h)
  6330/8397 (5156/h, ETA 0.4h)
  6340/8397 (5152/h, ETA 0.4h)
  6350/8397 (5151/h, ETA 0.4h)
  6360/8397 (5150/h, ETA 0.4h)
  6370/8397 (5151/h, ETA 0.4h)
  6380/8397 (5150/h, ETA 0.4h)
  6390/8397 (5147/h, ETA 0.4h)
  6400/8397 (5149/h, ETA 0.4h)
  6410/8397 (5147/h, ETA 0.4h)
  6420/8397 (5145/h, ETA 0.4h)
  6430/8397 (5144/h, ETA 0.4h)
  6440/8397 (5144/h, ETA 0.4h)
  6450/8397 (5142/h, ETA 0.4h)
  6460/8397 (5140/h, ETA 0.4h)
  6470/8397 (5138/h, ETA 0.4h)
  6480/8397 (5140/h, ETA 0.4h)
  6490/8397 (5137/h, ETA 0.4h)
  6500/8397 (5136/h, ETA 0.4h)
  6510/8397 (5135/h, ETA 0.4h)
  6520/8397 (5135/h, ETA 0.4h)
  6530/8397 (5133/h, ETA 0.4h)
  6540/8397 (5132/h, ETA 0.4h)
  6550/8397 (5132/h, ETA 0.4h)
  6560/8397 (5130/h, ETA 0.4h)
  6570/8397 (5128/h, ETA 0.4h)
  6580/8397 (5126/h, ETA 0.4h)
  6590/8397 (5126/h, ETA 0.4h)
  6600/8397 (5124/h, ETA 0.4h)
  6610/8397 (5123/h, ETA 0.3h)
  6620/8397 (5120/h, ETA 0.3h)
  6630/8397 (5123/h, ETA 0.3h)
  6640/8397 (5123/h, ETA 0.3h)
  6650/8397 (5121/h, ETA 0.3h)
  6660/8397 (5119/h, ETA 0.3h)
  6670/8397 (5120/h, ETA 0.3h)
  6680/8397 (5118/h, ETA 0.3h)
  6690/8397 (5115/h, ETA 0.3h)
  6700/8397 (5116/h, ETA 0.3h)
  6710/8397 (5114/h, ETA 0.3h)
  6720/8397 (5110/h, ETA 0.3h)
  6730/8397 (5109/h, ETA 0.3h)
  6740/8397 (5111/h, ETA 0.3h)
  6750/8397 (5108/h, ETA 0.3h)
  6760/8397 (5107/h, ETA 0.3h)
  6770/8397 (5106/h, ETA 0.3h)
  6780/8397 (5105/h, ETA 0.3h)
  6790/8397 (5104/h, ETA 0.3h)
  6800/8397 (5102/h, ETA 0.3h)
  6810/8397 (5103/h, ETA 0.3h)
  6820/8397 (5103/h, ETA 0.3h)
  6830/8397 (5101/h, ETA 0.3h)
  6840/8397 (5099/h, ETA 0.3h)
  6850/8397 (5099/h, ETA 0.3h)
  6860/8397 (5096/h, ETA 0.3h)
  6870/8397 (5096/h, ETA 0.3h)
  6880/8397 (5095/h, ETA 0.3h)
  6890/8397 (5094/h, ETA 0.3h)
  6900/8397 (5093/h, ETA 0.3h)
  6910/8397 (5092/h, ETA 0.3h)
  6920/8397 (5093/h, ETA 0.3h)
  6930/8397 (5090/h, ETA 0.3h)
  6940/8397 (5090/h, ETA 0.3h)
  6950/8397 (5087/h, ETA 0.3h)
  6960/8397 (5086/h, ETA 0.3h)
  6970/8397 (5085/h, ETA 0.3h)
  6980/8397 (5082/h, ETA 0.3h)
  6990/8397 (5083/h, ETA 0.3h)
  7000/8397 (5081/h, ETA 0.3h)
  7010/8397 (5080/h, ETA 0.3h)
  7020/8397 (5077/h, ETA 0.3h)
  7030/8397 (5080/h, ETA 0.3h)
  7040/8397 (5077/h, ETA 0.3h)
  7050/8397 (5074/h, ETA 0.3h)
  7060/8397 (5071/h, ETA 0.3h)
  7070/8397 (5073/h, ETA 0.3h)
  7080/8397 (5071/h, ETA 0.3h)
  7090/8397 (5069/h, ETA 0.3h)
  7100/8397 (5070/h, ETA 0.3h)
  7110/8397 (5070/h, ETA 0.3h)
  7120/8397 (5068/h, ETA 0.3h)
  7130/8397 (5068/h, ETA 0.3h)
  7140/8397 (5068/h, ETA 0.2h)
  7150/8397 (5065/h, ETA 0.2h)
  7160/8397 (5064/h, ETA 0.2h)
  7170/8397 (5064/h, ETA 0.2h)
  7180/8397 (5064/h, ETA 0.2h)
  7190/8397 (5062/h, ETA 0.2h)
  7200/8397 (5062/h, ETA 0.2h)
  7210/8397 (5061/h, ETA 0.2h)
  7220/8397 (5062/h, ETA 0.2h)
  7230/8397 (5060/h, ETA 0.2h)
  7240/8397 (5059/h, ETA 0.2h)
  7250/8397 (5058/h, ETA 0.2h)
  7260/8397 (5059/h, ETA 0.2h)
  7270/8397 (5057/h, ETA 0.2h)
  7280/8397 (5056/h, ETA 0.2h)
  7290/8397 (5058/h, ETA 0.2h)
  7300/8397 (5065/h, ETA 0.2h)
  7310/8397 (5062/h, ETA 0.2h)
  7320/8397 (5062/h, ETA 0.2h)
  7330/8397 (5061/h, ETA 0.2h)
  7340/8397 (5060/h, ETA 0.2h)
  7350/8397 (5057/h, ETA 0.2h)
  7360/8397 (5055/h, ETA 0.2h)
  7370/8397 (5054/h, ETA 0.2h)
  7380/8397 (5051/h, ETA 0.2h)
  7390/8397 (5052/h, ETA 0.2h)
  7400/8397 (5054/h, ETA 0.2h)
  7410/8397 (5054/h, ETA 0.2h)
  7420/8397 (5054/h, ETA 0.2h)
  7430/8397 (5051/h, ETA 0.2h)
  7440/8397 (5049/h, ETA 0.2h)
  7450/8397 (5048/h, ETA 0.2h)
  7460/8397 (5046/h, ETA 0.2h)
  7470/8397 (5046/h, ETA 0.2h)
  7480/8397 (5047/h, ETA 0.2h)
  7490/8397 (5050/h, ETA 0.2h)
  7500/8397 (5050/h, ETA 0.2h)
  7510/8397 (5051/h, ETA 0.2h)
  7520/8397 (5051/h, ETA 0.2h)
  7530/8397 (5052/h, ETA 0.2h)
  7540/8397 (5055/h, ETA 0.2h)
  7550/8397 (5055/h, ETA 0.2h)
  7560/8397 (5054/h, ETA 0.2h)
  7570/8397 (5055/h, ETA 0.2h)
  7580/8397 (5056/h, ETA 0.2h)
  7590/8397 (5058/h, ETA 0.2h)
  7600/8397 (5059/h, ETA 0.2h)
  7610/8397 (5060/h, ETA 0.2h)
  7620/8397 (5062/h, ETA 0.2h)
  7630/8397 (5064/h, ETA 0.2h)
  7640/8397 (5063/h, ETA 0.1h)
  7650/8397 (5061/h, ETA 0.1h)
  7660/8397 (5061/h, ETA 0.1h)
  7670/8397 (5061/h, ETA 0.1h)
  7680/8397 (5061/h, ETA 0.1h)
  7690/8397 (5065/h, ETA 0.1h)
  7700/8397 (5063/h, ETA 0.1h)
  7710/8397 (5064/h, ETA 0.1h)
  7720/8397 (5071/h, ETA 0.1h)
  7730/8397 (5072/h, ETA 0.1h)
  7740/8397 (5074/h, ETA 0.1h)
  7750/8397 (5072/h, ETA 0.1h)
  7760/8397 (5071/h, ETA 0.1h)
  7770/8397 (5070/h, ETA 0.1h)
  7780/8397 (5067/h, ETA 0.1h)
  7790/8397 (5067/h, ETA 0.1h)
  7800/8397 (5068/h, ETA 0.1h)
  7810/8397 (5068/h, ETA 0.1h)
  7820/8397 (5071/h, ETA 0.1h)
  7830/8397 (5072/h, ETA 0.1h)
  7840/8397 (5071/h, ETA 0.1h)
  7850/8397 (5072/h, ETA 0.1h)
  7860/8397 (5074/h, ETA 0.1h)
  7870/8397 (5075/h, ETA 0.1h)
  7880/8397 (5076/h, ETA 0.1h)
  7890/8397 (5076/h, ETA 0.1h)
  7900/8397 (5076/h, ETA 0.1h)
  7910/8397 (5079/h, ETA 0.1h)
  7920/8397 (5080/h, ETA 0.1h)
  7930/8397 (5080/h, ETA 0.1h)
  7940/8397 (5080/h, ETA 0.1h)
  7950/8397 (5081/h, ETA 0.1h)
  7960/8397 (5084/h, ETA 0.1h)
  7970/8397 (5085/h, ETA 0.1h)
  7980/8397 (5086/h, ETA 0.1h)
  7990/8397 (5083/h, ETA 0.1h)
  8000/8397 (5083/h, ETA 0.1h)
  8010/8397 (5083/h, ETA 0.1h)
  8020/8397 (5083/h, ETA 0.1h)
  8030/8397 (5084/h, ETA 0.1h)
  8040/8397 (5085/h, ETA 0.1h)
  8050/8397 (5085/h, ETA 0.1h)
  8060/8397 (5082/h, ETA 0.1h)
  8070/8397 (5080/h, ETA 0.1h)
  8080/8397 (5080/h, ETA 0.1h)
  8090/8397 (5082/h, ETA 0.1h)
  8100/8397 (5081/h, ETA 0.1h)
  8110/8397 (5081/h, ETA 0.1h)
  8120/8397 (5079/h, ETA 0.1h)
  8130/8397 (5081/h, ETA 0.1h)
  8140/8397 (5080/h, ETA 0.1h)
  8150/8397 (5077/h, ETA 0.0h)
  8160/8397 (5076/h, ETA 0.0h)
  8170/8397 (5074/h, ETA 0.0h)
  8180/8397 (5071/h, ETA 0.0h)
  8190/8397 (5071/h, ETA 0.0h)
  8200/8397 (5068/h, ETA 0.0h)
  8210/8397 (5066/h, ETA 0.0h)
  8220/8397 (5063/h, ETA 0.0h)
  8230/8397 (5063/h, ETA 0.0h)
  8240/8397 (5060/h, ETA 0.0h)
  8250/8397 (5058/h, ETA 0.0h)
  8260/8397 (5057/h, ETA 0.0h)
  8270/8397 (5055/h, ETA 0.0h)
  8280/8397 (5052/h, ETA 0.0h)
  8290/8397 (5052/h, ETA 0.0h)
  8300/8397 (5052/h, ETA 0.0h)
  8310/8397 (5052/h, ETA 0.0h)
  8320/8397 (5052/h, ETA 0.0h)
  8330/8397 (5053/h, ETA 0.0h)
  8340/8397 (5056/h, ETA 0.0h)
  8350/8397 (5055/h, ETA 0.0h)
  8360/8397 (5053/h, ETA 0.0h)
  8370/8397 (5052/h, ETA 0.0h)
  8380/8397 (5050/h, ETA 0.0h)
  8390/8397 (5047/h, ETA 0.0h)
  8397/8397 (5049/h, ETA 0.0h)
cve: wrote 8397 records
[chain] CVE scan complete (Fri Jul 24 05:30:03 WEST 2026)
charts inventoried : 9861 (9826 ok)
unique images      : 8397
images CVE-scanned : 8397 (528 ok)
CVEs by severity   : CRIT=3305  HIGH=42399  MEDI=85720  LOW=30398  UNKN=3173
TOTAL CVEs         : 164995
